stm32l476xx_spi_driver.c:14:6:SPI_PeriCloclControl	16	static
stm32l476xx_spi_driver.c:31:6:SPI_Init	24	static
stm32l476xx_spi_driver.c:58:6:SPI_DeInit	16	static
stm32l476xx_spi_driver.c:64:6:SPI_Control	16	static
stm32l476xx_spi_driver.c:73:6:SPI_SSI_Control	16	static
stm32l476xx_spi_driver.c:82:6:SPI_SSOE_Control	16	static
stm32l476xx_spi_driver.c:94:9:GetFlagStatus	16	static
stm32l476xx_spi_driver.c:103:6:SPI_SendData	24	static
stm32l476xx_spi_driver.c:122:6:SPI_CLR_OVR	24	static
stm32l476xx_spi_driver.c:131:6:SPI_ReceiveData	24	static
stm32l476xx_spi_driver.c:152:6:SPI_IRQITConfig	16	static
stm32l476xx_spi_driver.c:189:6:SPI_IRQPRConfig	24	static
stm32l476xx_spi_driver.c:200:9:SPI_SendData_IT	32	static
stm32l476xx_spi_driver.c:212:9:SPI_ReceiveData_IT	32	static
stm32l476xx_spi_driver.c:224:6:SPI_IRQHandling	16	static
stm32l476xx_spi_driver.c:240:13:spi_txe_interrupt_handle	16	static
stm32l476xx_spi_driver.c:264:13:spi_rxe_interrupt_handle	16	static
stm32l476xx_spi_driver.c:289:13:spi_ovr_interrupt_handle	24	static
